date        debit        credit
20/02/2011               12
01/02/2012               18
25/12/2012  300             

Balance -270
